{"extmarks":[[1,2,0,{"virt_text_pos":"win_col","virt_text_hide":false,"virt_text":[["▌󰭻 ","OpencodeMessageRoleUser"],[" "],["USER","OpencodeMessageRoleUser"],["","OpencodeHint"],[" (2025-10-20 04:44:37)","OpencodeHint"],[" [msg_9ffef0129001CoCrBKemk7DqcU]","OpencodeHint"]],"right_gravity":true,"virt_text_win_col":-3,"priority":10,"ns_id":3,"virt_text_repeat_linebreak":false}],[2,3,0,{"virt_text_pos":"win_col","virt_text_hide":false,"virt_text":[["▌","OpencodeMessageRoleUser"]],"right_gravity":true,"virt_text_win_col":-3,"priority":4096,"ns_id":3,"virt_text_repeat_linebreak":true}],[3,4,0,{"virt_text_pos":"win_col","virt_text_hide":false,"virt_text":[["▌","OpencodeMessageRoleUser"]],"right_gravity":true,"virt_text_win_col":-3,"priority":4096,"ns_id":3,"virt_text_repeat_linebreak":true}],[4,5,0,{"virt_text_pos":"win_col","virt_text_hide":false,"virt_text":[["▌","OpencodeMessageRoleUser"]],"right_gravity":true,"virt_text_win_col":-3,"priority":4096,"ns_id":3,"virt_text_repeat_linebreak":true}],[5,6,0,{"virt_text_pos":"win_col","virt_text_hide":false,"virt_text":[["▌","OpencodeMessageRoleUser"]],"right_gravity":true,"virt_text_win_col":-3,"priority":4096,"ns_id":3,"virt_text_repeat_linebreak":true}],[6,9,0,{"virt_text_pos":"win_col","virt_text_hide":false,"virt_text":[[" ","OpencodeMessageRoleAssistant"],[" "],["PLAN","OpencodeMessageRoleAssistant"],[" claude-sonnet-4-5-20250929","OpencodeHint"],[" (2025-10-20 04:44:37)","OpencodeHint"],[" [msg_9ffef0160001eArLyAssT]","OpencodeHint"]],"right_gravity":true,"virt_text_win_col":-3,"priority":10,"ns_id":3,"virt_text_repeat_linebreak":false}],[7,16,0,{"virt_text_pos":"win_col","virt_text_hide":false,"virt_text":[[" ","OpencodeMessageRoleAssistant"],[" "],["PLAN","OpencodeMessageRoleAssistant"],[" claude-sonnet-4-5-20250929","OpencodeHint"],[" (2025-10-20 04:44:37)","OpencodeHint"],[" [msg_9ffef0170001s2OM00h2cDa94A]","OpencodeHint"]],"right_gravity":true,"virt_text_win_col":-3,"priority":10,"ns_id":3,"virt_text_repeat_linebreak":false}]],"timestamp":1761608289,"lines":["","----","","","test 3","","[diff-test.txt](diff-test.txt)","","----","","","This is some sample text","","> [!ERROR] Simulated: tool/file read failed for earlier assistant message","","----","","","> [!ERROR] AI_APICallError: Your credit balance is too low to access the Anthropic API. Please go to Plans & Billing to upgrade or purchase credits.",""],"actions":[]}