{"extmarks":[[1,2,0,{"priority":10,"virt_text_hide":false,"right_gravity":true,"virt_text_repeat_linebreak":false,"ns_id":3,"virt_text":[["▌󰭻 ","OpencodeMessageRoleUser"],[" "],["USER","OpencodeMessageRoleUser"],["","OpencodeHint"],[" (2025-10-27 22:44:29)","OpencodeHint"],[" [msg_a27d8299d001nchmBunYlZcPyL]","OpencodeHint"]],"virt_text_pos":"win_col","virt_text_win_col":-3}],[2,3,0,{"priority":4096,"virt_text_hide":false,"right_gravity":true,"virt_text_repeat_linebreak":true,"ns_id":3,"virt_text":[["▌","OpencodeMessageRoleUser"]],"virt_text_pos":"win_col","virt_text_win_col":-3}],[3,4,0,{"priority":4096,"virt_text_hide":false,"right_gravity":true,"virt_text_repeat_linebreak":true,"ns_id":3,"virt_text":[["▌","OpencodeMessageRoleUser"]],"virt_text_pos":"win_col","virt_text_win_col":-3}],[4,5,0,{"priority":4096,"virt_text_hide":false,"right_gravity":true,"virt_text_repeat_linebreak":true,"ns_id":3,"virt_text":[["▌","OpencodeMessageRoleUser"]],"virt_text_pos":"win_col","virt_text_win_col":-3}],[5,6,0,{"priority":4096,"virt_text_hide":false,"right_gravity":true,"virt_text_repeat_linebreak":true,"ns_id":3,"virt_text":[["▌","OpencodeMessageRoleUser"]],"virt_text_pos":"win_col","virt_text_win_col":-3}],[6,9,0,{"priority":10,"virt_text_hide":false,"right_gravity":true,"virt_text_repeat_linebreak":false,"ns_id":3,"virt_text":[[" ","OpencodeMessageRoleAssistant"],[" "],["PLAN","OpencodeMessageRoleAssistant"],[" gpt-4.1","OpencodeHint"],[" (2025-10-27 22:44:29)","OpencodeHint"],[" [msg_a27d829f9002sfUFPslHq5P2b4]","OpencodeHint"]],"virt_text_pos":"win_col","virt_text_win_col":-3}]],"timestamp":1761708190,"actions":[],"lines":["","----","","","can generate 10 numbers?","","[a-empty.txt](a-empty.txt)","","----","","","You asked if I can generate 10 numbers, and you referenced reading an empty file (`a-empty.txt`). However, I'm currently in \"plan mode,\" which means I cannot write or modify any files—I'm only allowed to read, observe,","","> [!ERROR] The operation was aborted.",""]}