{"extmarks":[[1,2,0,{"priority":10,"virt_text_repeat_linebreak":false,"ns_id":3,"right_gravity":true,"virt_text":[["▌󰭻 ","OpencodeMessageRoleUser"],[" "],["USER","OpencodeMessageRoleUser"],["","OpencodeHint"],[" (2025-10-12 06:42:56)","OpencodeHint"],[" [msg_9d7287269001C5gRusYfX7A1w1]","OpencodeHint"]],"virt_text_hide":false,"virt_text_pos":"win_col","virt_text_win_col":-3}],[2,3,0,{"priority":4096,"virt_text_repeat_linebreak":true,"ns_id":3,"right_gravity":true,"virt_text":[["▌","OpencodeMessageRoleUser"]],"virt_text_hide":false,"virt_text_pos":"win_col","virt_text_win_col":-3}],[3,4,0,{"priority":4096,"virt_text_repeat_linebreak":true,"ns_id":3,"right_gravity":true,"virt_text":[["▌","OpencodeMessageRoleUser"]],"virt_text_hide":false,"virt_text_pos":"win_col","virt_text_win_col":-3}],[4,4,39,{"end_col":53,"end_row":4,"ns_id":3,"right_gravity":true,"end_right_gravity":false,"hl_group":"OpencodeMention","hl_eol":false,"priority":1000}],[5,5,0,{"priority":4096,"virt_text_repeat_linebreak":true,"ns_id":3,"right_gravity":true,"virt_text":[["▌","OpencodeMessageRoleUser"]],"virt_text_hide":false,"virt_text_pos":"win_col","virt_text_win_col":-3}],[6,6,0,{"priority":4096,"virt_text_repeat_linebreak":true,"ns_id":3,"right_gravity":true,"virt_text":[["▌","OpencodeMessageRoleUser"]],"virt_text_hide":false,"virt_text_pos":"win_col","virt_text_win_col":-3}],[7,9,0,{"priority":10,"virt_text_repeat_linebreak":false,"ns_id":3,"right_gravity":true,"virt_text":[[" ","OpencodeMessageRoleAssistant"],[" "],["BUILD","OpencodeMessageRoleAssistant"],[" claude-sonnet-4.5","OpencodeHint"],[" (2025-10-12 06:42:56)","OpencodeHint"],[" [msg_9d7287287001HVwpPaH7WkRVdN]","OpencodeHint"]],"virt_text_hide":false,"virt_text_pos":"win_col","virt_text_win_col":-3}],[8,11,0,{"priority":4096,"virt_text_repeat_linebreak":true,"ns_id":3,"right_gravity":true,"virt_text":[["▌","OpencodeToolBorder"]],"virt_text_hide":false,"virt_text_pos":"win_col","virt_text_win_col":-1}],[9,12,0,{"priority":4096,"virt_text_repeat_linebreak":true,"ns_id":3,"right_gravity":true,"virt_text":[["▌","OpencodeToolBorder"]],"virt_text_hide":false,"virt_text_pos":"win_col","virt_text_win_col":-1}],[10,13,0,{"priority":4096,"virt_text_repeat_linebreak":true,"ns_id":3,"right_gravity":true,"virt_text":[["▌","OpencodeToolBorder"]],"virt_text_hide":false,"virt_text_pos":"win_col","virt_text_win_col":-1}],[11,14,0,{"end_col":0,"end_row":15,"hl_eol":true,"right_gravity":true,"end_right_gravity":false,"virt_text":[["-","OpencodeDiffDelete"]],"virt_text_pos":"overlay","virt_text_repeat_linebreak":false,"priority":5000,"ns_id":3,"hl_group":"OpencodeDiffDelete","virt_text_hide":false}],[12,14,0,{"priority":4096,"virt_text_repeat_linebreak":true,"ns_id":3,"right_gravity":true,"virt_text":[["▌","OpencodeToolBorder"]],"virt_text_hide":false,"virt_text_pos":"win_col","virt_text_win_col":-1}],[13,15,0,{"end_col":0,"end_row":16,"hl_eol":true,"right_gravity":true,"end_right_gravity":false,"virt_text":[["+","OpencodeDiffAdd"]],"virt_text_pos":"overlay","virt_text_repeat_linebreak":false,"priority":5000,"ns_id":3,"hl_group":"OpencodeDiffAdd","virt_text_hide":false}],[14,15,0,{"priority":4096,"virt_text_repeat_linebreak":true,"ns_id":3,"right_gravity":true,"virt_text":[["▌","OpencodeToolBorder"]],"virt_text_hide":false,"virt_text_pos":"win_col","virt_text_win_col":-1}],[15,16,0,{"priority":4096,"virt_text_repeat_linebreak":true,"ns_id":3,"right_gravity":true,"virt_text":[["▌","OpencodeToolBorder"]],"virt_text_hide":false,"virt_text_pos":"win_col","virt_text_win_col":-1}],[16,17,0,{"priority":4096,"virt_text_repeat_linebreak":true,"ns_id":3,"right_gravity":true,"virt_text":[["▌","OpencodeToolBorder"]],"virt_text_hide":false,"virt_text_pos":"win_col","virt_text_win_col":-1}],[17,22,0,{"priority":10,"virt_text_repeat_linebreak":false,"ns_id":3,"right_gravity":true,"virt_text":[[" ","OpencodeMessageRoleAssistant"],[" "],["BUILD","OpencodeMessageRoleAssistant"],[" claude-sonnet-4.5","OpencodeHint"],[" (2025-10-12 06:43:03)","OpencodeHint"],[" [msg_9d7288f2f001hW6NqqhtBc72UU]","OpencodeHint"]],"virt_text_hide":false,"virt_text_pos":"win_col","virt_text_win_col":-3}]],"timestamp":1761708190,"actions":[{"text":"[R]evert file","range":{"from":20,"to":20},"key":"R","display_line":20,"args":["1f593f7ed419c95d3995f8ef4b98d4e571c3a492"],"type":"diff_revert_selected_file"},{"text":"Revert [A]ll","range":{"from":20,"to":20},"key":"A","display_line":20,"args":["1f593f7ed419c95d3995f8ef4b98d4e571c3a492"],"type":"diff_revert_all"},{"text":"[D]iff","range":{"from":20,"to":20},"key":"D","display_line":20,"args":["1f593f7ed419c95d3995f8ef4b98d4e571c3a492"],"type":"diff_open"}],"lines":["","----","","","can you add \"great\" before \"string\" in @diff-test.txt?","","[diff-test.txt](diff-test.txt)","","----","","","**  edit** `diff-test.txt`","","`````txt"," this is a string"," this is a great string","","`````","","**󰻛  Created Snapshot** `1f593f7e`","","----","",""]}