{"extmarks":[[1,2,0,{"virt_text_pos":"win_col","virt_text_hide":false,"right_gravity":true,"virt_text":[["Ó∏ç ","OpencodeMessageRoleAssistant"],[" "],["BUILD","OpencodeMessageRoleAssistant"],[" claude-sonnet-4.5","OpencodeHint"],[" (2025-10-28 21:53:58)","OpencodeHint"],[" [msg_a2cd04588001P9plKmrFnsNH3M]","OpencodeHint"]],"virt_text_win_col":-3,"virt_text_repeat_linebreak":false,"ns_id":3,"priority":10}],[2,6,0,{"virt_text_pos":"win_col","virt_text_hide":false,"right_gravity":true,"virt_text":[["‚ñå","OpencodeToolBorder"]],"virt_text_win_col":-1,"virt_text_repeat_linebreak":true,"ns_id":3,"priority":4096}],[3,7,0,{"virt_text_pos":"win_col","virt_text_hide":false,"right_gravity":true,"virt_text":[["‚ñå","OpencodeToolBorder"]],"virt_text_win_col":-1,"virt_text_repeat_linebreak":true,"ns_id":3,"priority":4096}],[4,8,0,{"virt_text_pos":"win_col","virt_text_hide":false,"right_gravity":true,"virt_text":[["‚ñå","OpencodeToolBorder"]],"virt_text_win_col":-1,"virt_text_repeat_linebreak":true,"ns_id":3,"priority":4096}],[5,9,0,{"virt_text_pos":"win_col","virt_text_hide":false,"right_gravity":true,"virt_text":[["‚ñå","OpencodeToolBorder"]],"virt_text_win_col":-1,"virt_text_repeat_linebreak":true,"ns_id":3,"priority":4096}],[6,10,0,{"virt_text_pos":"win_col","virt_text_hide":false,"right_gravity":true,"virt_text":[["‚ñå","OpencodeToolBorder"]],"virt_text_win_col":-1,"virt_text_repeat_linebreak":true,"ns_id":3,"priority":4096}],[7,11,0,{"virt_text_pos":"win_col","virt_text_hide":false,"right_gravity":true,"virt_text":[["‚ñå","OpencodeToolBorder"]],"virt_text_win_col":-1,"virt_text_repeat_linebreak":true,"ns_id":3,"priority":4096}],[8,12,0,{"virt_text_pos":"win_col","virt_text_hide":false,"right_gravity":true,"virt_text":[["‚ñå","OpencodeToolBorder"]],"virt_text_win_col":-1,"virt_text_repeat_linebreak":true,"ns_id":3,"priority":4096}],[9,13,0,{"virt_text_pos":"overlay","virt_text_hide":false,"right_gravity":true,"end_right_gravity":false,"end_row":14,"virt_text":[["-","OpencodeDiffDelete"]],"virt_text_repeat_linebreak":false,"hl_eol":true,"hl_group":"OpencodeDiffDelete","end_col":0,"ns_id":3,"priority":5000}],[10,13,0,{"virt_text_pos":"win_col","virt_text_hide":false,"right_gravity":true,"virt_text":[["‚ñå","OpencodeToolBorder"]],"virt_text_win_col":-1,"virt_text_repeat_linebreak":true,"ns_id":3,"priority":4096}],[11,14,0,{"virt_text_pos":"overlay","virt_text_hide":false,"right_gravity":true,"end_right_gravity":false,"end_row":15,"virt_text":[["-","OpencodeDiffDelete"]],"virt_text_repeat_linebreak":false,"hl_eol":true,"hl_group":"OpencodeDiffDelete","end_col":0,"ns_id":3,"priority":5000}],[12,14,0,{"virt_text_pos":"win_col","virt_text_hide":false,"right_gravity":true,"virt_text":[["‚ñå","OpencodeToolBorder"]],"virt_text_win_col":-1,"virt_text_repeat_linebreak":true,"ns_id":3,"priority":4096}],[13,15,0,{"virt_text_pos":"overlay","virt_text_hide":false,"right_gravity":true,"end_right_gravity":false,"end_row":16,"virt_text":[["+","OpencodeDiffAdd"]],"virt_text_repeat_linebreak":false,"hl_eol":true,"hl_group":"OpencodeDiffAdd","end_col":0,"ns_id":3,"priority":5000}],[14,15,0,{"virt_text_pos":"win_col","virt_text_hide":false,"right_gravity":true,"virt_text":[["‚ñå","OpencodeToolBorder"]],"virt_text_win_col":-1,"virt_text_repeat_linebreak":true,"ns_id":3,"priority":4096}],[15,16,0,{"virt_text_pos":"overlay","virt_text_hide":false,"right_gravity":true,"end_right_gravity":false,"end_row":17,"virt_text":[["+","OpencodeDiffAdd"]],"virt_text_repeat_linebreak":false,"hl_eol":true,"hl_group":"OpencodeDiffAdd","end_col":0,"ns_id":3,"priority":5000}],[16,16,0,{"virt_text_pos":"win_col","virt_text_hide":false,"right_gravity":true,"virt_text":[["‚ñå","OpencodeToolBorder"]],"virt_text_win_col":-1,"virt_text_repeat_linebreak":true,"ns_id":3,"priority":4096}],[17,17,0,{"virt_text_pos":"win_col","virt_text_hide":false,"right_gravity":true,"virt_text":[["‚ñå","OpencodeToolBorder"]],"virt_text_win_col":-1,"virt_text_repeat_linebreak":true,"ns_id":3,"priority":4096}],[18,18,0,{"virt_text_pos":"win_col","virt_text_hide":false,"right_gravity":true,"virt_text":[["‚ñå","OpencodeToolBorder"]],"virt_text_win_col":-1,"virt_text_repeat_linebreak":true,"ns_id":3,"priority":4096}],[19,19,0,{"virt_text_pos":"win_col","virt_text_hide":false,"right_gravity":true,"virt_text":[["‚ñå","OpencodeToolBorder"]],"virt_text_win_col":-1,"virt_text_repeat_linebreak":true,"ns_id":3,"priority":4096}],[20,20,0,{"virt_text_pos":"win_col","virt_text_hide":false,"right_gravity":true,"virt_text":[["‚ñå","OpencodeToolBorder"]],"virt_text_win_col":-1,"virt_text_repeat_linebreak":true,"ns_id":3,"priority":4096}],[21,21,0,{"virt_text_pos":"win_col","virt_text_hide":false,"right_gravity":true,"virt_text":[["‚ñå","OpencodeToolBorder"]],"virt_text_win_col":-1,"virt_text_repeat_linebreak":true,"ns_id":3,"priority":4096}],[22,22,0,{"virt_text_pos":"win_col","virt_text_hide":false,"right_gravity":true,"virt_text":[["‚ñå","OpencodeToolBorder"]],"virt_text_win_col":-1,"virt_text_repeat_linebreak":true,"ns_id":3,"priority":4096}],[23,27,0,{"virt_text_pos":"win_col","virt_text_hide":false,"right_gravity":true,"virt_text":[["Ó∏ç ","OpencodeMessageRoleAssistant"],[" "],["BUILD","OpencodeMessageRoleAssistant"],[" claude-sonnet-4.5","OpencodeHint"],[" (2025-10-28 21:54:05)","OpencodeHint"],[" [msg_a2cd062fb001UA0ZzR6JxgLxDQ]","OpencodeHint"]],"virt_text_win_col":-3,"virt_text_repeat_linebreak":false,"ns_id":3,"priority":10}],[24,32,0,{"virt_text_pos":"win_col","virt_text_hide":false,"right_gravity":true,"virt_text":[["‚ñåÛ∞≠ª ","OpencodeMessageRoleUser"],[" "],["USER","OpencodeMessageRoleUser"],["","OpencodeHint"],[" (2025-10-28 22:34:58)","OpencodeHint"],[" [msg_a2cf5ce65001YLvVsYxIboFcP4]","OpencodeHint"]],"virt_text_win_col":-3,"virt_text_repeat_linebreak":false,"ns_id":3,"priority":10}],[25,33,0,{"virt_text_pos":"win_col","virt_text_hide":false,"right_gravity":true,"virt_text":[["‚ñå","OpencodeMessageRoleUser"]],"virt_text_win_col":-3,"virt_text_repeat_linebreak":true,"ns_id":3,"priority":4096}],[26,34,0,{"virt_text_pos":"win_col","virt_text_hide":false,"right_gravity":true,"virt_text":[["‚ñå","OpencodeMessageRoleUser"]],"virt_text_win_col":-3,"virt_text_repeat_linebreak":true,"ns_id":3,"priority":4096}],[27,35,0,{"virt_text_pos":"win_col","virt_text_hide":false,"right_gravity":true,"virt_text":[["‚ñå","OpencodeMessageRoleUser"]],"virt_text_win_col":-3,"virt_text_repeat_linebreak":true,"ns_id":3,"priority":4096}],[28,36,0,{"virt_text_pos":"win_col","virt_text_hide":false,"right_gravity":true,"virt_text":[["‚ñå","OpencodeMessageRoleUser"]],"virt_text_win_col":-3,"virt_text_repeat_linebreak":true,"ns_id":3,"priority":4096}],[29,39,0,{"virt_text_pos":"win_col","virt_text_hide":false,"right_gravity":true,"virt_text":[["Ó∏ç ","OpencodeMessageRoleAssistant"],[" "],["PLAN","OpencodeMessageRoleAssistant"],[" gpt-4.1","OpencodeHint"],[" (2025-10-28 22:34:58)","OpencodeHint"],[" [msg_a2cf5cf0f002oBAjmnGIMGXjez]","OpencodeHint"]],"virt_text_win_col":-3,"virt_text_repeat_linebreak":false,"ns_id":3,"priority":10}]],"actions":[{"type":"diff_revert_selected_file","display_line":25,"args":["c64ddee834f1b802020a8f880eafa689f0b99406"],"range":{"from":25,"to":25},"key":"R","text":"[R]evert file"},{"type":"diff_revert_all","display_line":25,"args":["c64ddee834f1b802020a8f880eafa689f0b99406"],"range":{"from":25,"to":25},"key":"A","text":"Revert [A]ll"},{"type":"diff_open","display_line":25,"args":["c64ddee834f1b802020a8f880eafa689f0b99406"],"range":{"from":25,"to":25},"key":"D","text":"[D]iff"}],"timestamp":1761710930,"lines":["","----","","","Now let me also update the Run opts examples to use the new command syntax:","","**Ôëà  edit** `README.md`","","`````markdown"," "," Run a prompt in a new session using the Plan agent and disabling current file context:"," "," ```vim"," :OpencodeRunNewSession \"Please help me plan a new feature\" agent=plan context.current_file.enabled=false"," :OpencodeRun \"Fix the bug in the current file\" model=github-copilot/claude-sonned-4"," :Opencode run new_session \"Please help me plan a new feature\" agent=plan context.current_file.enabled=false"," :Opencode run \"Fix the bug in the current file\" model=github-copilot/claude-sonned-4"," ```"," "," ##üëÆ Permissions"," ","","`````","","**Û∞ªõ  Created Snapshot** `c64ddee8`","","----","","","README updated with the new nested command structure. The documentation now shows the new `:Opencode` subcommand syntax and includes a note that legacy `Opencode*` commands are still available by default but will be removed in the future.","","----","","","can you rename Opencode stop to Opencode cancel (and rename the api call)","","[README.md](README.md)","","----","","","Here's the plan to rename `Opencode stop` to `Opencode cancel` and update the API call accordingly:","","---","","## üìù Plan: Rename Opencode Stop to Cancel","","### 1. Update Command Table and Documentation","- In README.md, change:","  - Command: `:Opencode stop` ‚Üí `:Opencode cancel`","  - API: `require('opencode.api').stop()` ‚Üí `require('opencode.api').cancel()`","  - Keymap: `<C-c>` remains the same (unless you want to change it)","","### 2. Update Codebase","- In `lua/opencode/api.lua`:","  - Rename the function `M.stop()` to `M.cancel()`","  - Update all references to `stop` (command registration, legacy command map, subcommand routing, etc.) to use `cancel`","  - Ensure legacy command `OpencodeStop` still works (with deprecation warning), but routes to `cancel`","- In any other files (keymap config, tests, etc.) update references to `stop` to `cancel` as needed","","### 3. Update Tests","- In `tests/unit/api_spec.lua`:","  - Update any tests that check for `stop` to check for `cancel`","","### 4. Update Slash Commands (if applicable)","- If there is a `/stop` slash command, rename it to `/cancel`","","### 5. Verify","- Run all tests to ensure everything works","- Check that both `:Opencode cancel` and legacy `:OpencodeStop` work (with warning)","","---","","**Note:** You are currently in \"Plan mode\" (read-only phase), so I cannot make edits right now.  ","When you switch to edit mode, I will execute this plan step by step and verify all changes.","","Would you like to proceed with this plan when edits are allowed?",""]}