{"lines":["","----","","","can you count to 10?","","[a-empty.txt](a-empty.txt)","","----","","","Sure! Here is a count from 1 to 10:","","1  ","2  ","3  ","4  ","5  ","6  ","7  ","8  ","9  ","10","","Let me know if you need anything else!","","----","","","can you say all of the letters?","","[a-empty.txt](a-empty.txt)","","----","","","Absolutely! Here are all the letters of the English alphabet:","","A  ","B  ","C  ","D  ","E  ","F  ","G  ","H  ","I  ","J  ","K  ","L  ","M  ","N  ","O  ","P  ","Q  ","R  ","S  ","T  ","U  ","V  ","W  ","X  ","Y  ","Z","","If you need lowercase, here they are as well:","","a  ","b  ","c  ","d  ","e  ","f  ","g  ","h  ","i  ","j  ","k  ","l  ","m  ","n  ","o  ","p  ","q  ","r  ","s  ","t  ","u  ","v  ","w  ","x  ","y  ","z","","Let me know if you need anything else!",""],"extmarks":[[1,2,0,{"ns_id":3,"virt_text_repeat_linebreak":false,"virt_text":[["▌󰭻 ","OpencodeMessageRoleUser"],[" "],["USER","OpencodeMessageRoleUser"],["","OpencodeHint"],[" (2025-11-01 03:32:54)","OpencodeHint"],[" [msg_a3d79a71f001dkQYw23QnYYElB]","OpencodeHint"]],"right_gravity":true,"virt_text_hide":false,"virt_text_win_col":-3,"virt_text_pos":"win_col","priority":10}],[2,3,0,{"ns_id":3,"virt_text_repeat_linebreak":true,"virt_text":[["▌","OpencodeMessageRoleUser"]],"right_gravity":true,"virt_text_hide":false,"virt_text_win_col":-3,"virt_text_pos":"win_col","priority":4096}],[3,4,0,{"ns_id":3,"virt_text_repeat_linebreak":true,"virt_text":[["▌","OpencodeMessageRoleUser"]],"right_gravity":true,"virt_text_hide":false,"virt_text_win_col":-3,"virt_text_pos":"win_col","priority":4096}],[4,5,0,{"ns_id":3,"virt_text_repeat_linebreak":true,"virt_text":[["▌","OpencodeMessageRoleUser"]],"right_gravity":true,"virt_text_hide":false,"virt_text_win_col":-3,"virt_text_pos":"win_col","priority":4096}],[5,6,0,{"ns_id":3,"virt_text_repeat_linebreak":true,"virt_text":[["▌","OpencodeMessageRoleUser"]],"right_gravity":true,"virt_text_hide":false,"virt_text_win_col":-3,"virt_text_pos":"win_col","priority":4096}],[6,9,0,{"ns_id":3,"virt_text_repeat_linebreak":false,"virt_text":[[" ","OpencodeMessageRoleAssistant"],[" "],["PLAN","OpencodeMessageRoleAssistant"],[" gpt-4.1","OpencodeHint"],[" (2025-11-01 03:32:54)","OpencodeHint"],[" [msg_a3d79a771002NY7n6a0vJlriLH]","OpencodeHint"]],"right_gravity":true,"virt_text_hide":false,"virt_text_win_col":-3,"virt_text_pos":"win_col","priority":10}],[7,27,0,{"ns_id":3,"virt_text_repeat_linebreak":false,"virt_text":[["▌󰭻 ","OpencodeMessageRoleUser"],[" "],["USER","OpencodeMessageRoleUser"],["","OpencodeHint"],[" (2025-11-01 03:32:55)","OpencodeHint"],[" [msg_a3d79aa5b0014RYY4My2AeTokd]","OpencodeHint"]],"right_gravity":true,"virt_text_hide":false,"virt_text_win_col":-3,"virt_text_pos":"win_col","priority":10}],[8,28,0,{"ns_id":3,"virt_text_repeat_linebreak":true,"virt_text":[["▌","OpencodeMessageRoleUser"]],"right_gravity":true,"virt_text_hide":false,"virt_text_win_col":-3,"virt_text_pos":"win_col","priority":4096}],[9,29,0,{"ns_id":3,"virt_text_repeat_linebreak":true,"virt_text":[["▌","OpencodeMessageRoleUser"]],"right_gravity":true,"virt_text_hide":false,"virt_text_win_col":-3,"virt_text_pos":"win_col","priority":4096}],[10,30,0,{"ns_id":3,"virt_text_repeat_linebreak":true,"virt_text":[["▌","OpencodeMessageRoleUser"]],"right_gravity":true,"virt_text_hide":false,"virt_text_win_col":-3,"virt_text_pos":"win_col","priority":4096}],[11,31,0,{"ns_id":3,"virt_text_repeat_linebreak":true,"virt_text":[["▌","OpencodeMessageRoleUser"]],"right_gravity":true,"virt_text_hide":false,"virt_text_win_col":-3,"virt_text_pos":"win_col","priority":4096}],[12,34,0,{"ns_id":3,"virt_text_repeat_linebreak":false,"virt_text":[[" ","OpencodeMessageRoleAssistant"],[" "],["PLAN","OpencodeMessageRoleAssistant"],[" gpt-4.1","OpencodeHint"],[" (2025-11-01 03:32:56)","OpencodeHint"],[" [msg_a3d79ae610029QFKwb1uvSa4Lf]","OpencodeHint"]],"right_gravity":true,"virt_text_hide":false,"virt_text_win_col":-3,"virt_text_pos":"win_col","priority":10}]],"actions":[],"timestamp":1761968072}