{"lines":["","----","","","Message 1","","----","","","Response 2 - Part 1","","Response 2 - Part 2","","Response 2 - Part 3","","Response 2 - Part 4 (late arrival)","","----","","","Message 3","","----","","","Response 4 - Part 1","","Response 4 - Part 2","","Response 4 - Part 3","","Response 4 - Part 4 (late arrival)","","----","","","Message 5","","----","","","Response 6 - Part 1","","Response 6 - Part 2","","Response 6 - Part 3",""],"actions":[],"extmarks":[[1,2,0,{"virt_text_hide":false,"virt_text_repeat_linebreak":false,"ns_id":3,"virt_text_win_col":-3,"right_gravity":true,"priority":10,"virt_text":[["▌󰭻 ","OpencodeMessageRoleUser"],[" "],["USER","OpencodeMessageRoleUser"],["","OpencodeHint"],[" (2001-09-09 01:46:41)","OpencodeHint"],[" [msg_001]","OpencodeHint"]],"virt_text_pos":"win_col"}],[2,3,0,{"virt_text_hide":false,"virt_text_repeat_linebreak":true,"ns_id":3,"virt_text_win_col":-3,"right_gravity":true,"priority":4096,"virt_text":[["▌","OpencodeMessageRoleUser"]],"virt_text_pos":"win_col"}],[3,4,0,{"virt_text_hide":false,"virt_text_repeat_linebreak":true,"ns_id":3,"virt_text_win_col":-3,"right_gravity":true,"priority":4096,"virt_text":[["▌","OpencodeMessageRoleUser"]],"virt_text_pos":"win_col"}],[4,7,0,{"virt_text_hide":false,"virt_text_repeat_linebreak":false,"ns_id":3,"virt_text_win_col":-3,"right_gravity":true,"priority":10,"virt_text":[[" ","OpencodeMessageRoleAssistant"],[" "],["BUILD","OpencodeMessageRoleAssistant"],["","OpencodeHint"],[" (2001-09-09 01:46:42)","OpencodeHint"],[" [msg_002]","OpencodeHint"]],"virt_text_pos":"win_col"}],[5,18,0,{"virt_text_hide":false,"virt_text_repeat_linebreak":false,"ns_id":3,"virt_text_win_col":-3,"right_gravity":true,"priority":10,"virt_text":[["▌󰭻 ","OpencodeMessageRoleUser"],[" "],["USER","OpencodeMessageRoleUser"],["","OpencodeHint"],[" (2001-09-09 01:46:43)","OpencodeHint"],[" [msg_003]","OpencodeHint"]],"virt_text_pos":"win_col"}],[6,19,0,{"virt_text_hide":false,"virt_text_repeat_linebreak":true,"ns_id":3,"virt_text_win_col":-3,"right_gravity":true,"priority":4096,"virt_text":[["▌","OpencodeMessageRoleUser"]],"virt_text_pos":"win_col"}],[7,20,0,{"virt_text_hide":false,"virt_text_repeat_linebreak":true,"ns_id":3,"virt_text_win_col":-3,"right_gravity":true,"priority":4096,"virt_text":[["▌","OpencodeMessageRoleUser"]],"virt_text_pos":"win_col"}],[8,23,0,{"virt_text_hide":false,"virt_text_repeat_linebreak":false,"ns_id":3,"virt_text_win_col":-3,"right_gravity":true,"priority":10,"virt_text":[[" ","OpencodeMessageRoleAssistant"],[" "],["BUILD","OpencodeMessageRoleAssistant"],["","OpencodeHint"],[" (2001-09-09 01:46:44)","OpencodeHint"],[" [msg_004]","OpencodeHint"]],"virt_text_pos":"win_col"}],[9,34,0,{"virt_text_hide":false,"virt_text_repeat_linebreak":false,"ns_id":3,"virt_text_win_col":-3,"right_gravity":true,"priority":10,"virt_text":[["▌󰭻 ","OpencodeMessageRoleUser"],[" "],["USER","OpencodeMessageRoleUser"],["","OpencodeHint"],[" (2001-09-09 01:46:45)","OpencodeHint"],[" [msg_005]","OpencodeHint"]],"virt_text_pos":"win_col"}],[10,35,0,{"virt_text_hide":false,"virt_text_repeat_linebreak":true,"ns_id":3,"virt_text_win_col":-3,"right_gravity":true,"priority":4096,"virt_text":[["▌","OpencodeMessageRoleUser"]],"virt_text_pos":"win_col"}],[11,36,0,{"virt_text_hide":false,"virt_text_repeat_linebreak":true,"ns_id":3,"virt_text_win_col":-3,"right_gravity":true,"priority":4096,"virt_text":[["▌","OpencodeMessageRoleUser"]],"virt_text_pos":"win_col"}],[12,39,0,{"virt_text_hide":false,"virt_text_repeat_linebreak":false,"ns_id":3,"virt_text_win_col":-3,"right_gravity":true,"priority":10,"virt_text":[[" ","OpencodeMessageRoleAssistant"],[" "],["BUILD","OpencodeMessageRoleAssistant"],["","OpencodeHint"],[" (2001-09-09 01:46:46)","OpencodeHint"],[" [msg_006]","OpencodeHint"]],"virt_text_pos":"win_col"}]],"timestamp":1761967800}