{"timestamp":1761708192,"extmarks":[[1,2,0,{"ns_id":3,"virt_text_hide":false,"priority":10,"virt_text_repeat_linebreak":false,"right_gravity":true,"virt_text_pos":"win_col","virt_text_win_col":-3,"virt_text":[[" ","OpencodeMessageRoleAssistant"],[" "],["PLAN","OpencodeMessageRoleAssistant"],[" claude-sonnet-4.5","OpencodeHint"],[" (2025-10-16 04:27:36)","OpencodeHint"],[" [msg_9eb45fbe60020xE560OGH3Vdoo]","OpencodeHint"]]}],[2,6,0,{"ns_id":3,"virt_text_hide":false,"priority":4096,"virt_text_repeat_linebreak":true,"right_gravity":true,"virt_text_pos":"win_col","virt_text_win_col":-1,"virt_text":[["▌","OpencodeToolBorder"]]}],[3,7,0,{"ns_id":3,"virt_text_hide":false,"priority":4096,"virt_text_repeat_linebreak":true,"right_gravity":true,"virt_text_pos":"win_col","virt_text_win_col":-1,"virt_text":[["▌","OpencodeToolBorder"]]}],[4,8,0,{"ns_id":3,"virt_text_hide":false,"priority":4096,"virt_text_repeat_linebreak":true,"right_gravity":true,"virt_text_pos":"win_col","virt_text_win_col":-1,"virt_text":[["▌","OpencodeToolBorder"]]}],[5,9,0,{"ns_id":3,"virt_text_hide":false,"priority":4096,"virt_text_repeat_linebreak":true,"right_gravity":true,"virt_text_pos":"win_col","virt_text_win_col":-1,"virt_text":[["▌","OpencodeToolBorder"]]}],[6,10,0,{"ns_id":3,"virt_text_hide":false,"priority":4096,"virt_text_repeat_linebreak":true,"right_gravity":true,"virt_text_pos":"win_col","virt_text_win_col":-1,"virt_text":[["▌","OpencodeToolBorder"]]}],[7,11,0,{"ns_id":3,"virt_text_hide":false,"priority":4096,"virt_text_repeat_linebreak":true,"right_gravity":true,"virt_text_pos":"win_col","virt_text_win_col":-1,"virt_text":[["▌","OpencodeToolBorder"]]}],[8,12,0,{"ns_id":3,"virt_text_hide":false,"priority":4096,"virt_text_repeat_linebreak":true,"right_gravity":true,"virt_text_pos":"win_col","virt_text_win_col":-1,"virt_text":[["▌","OpencodeToolBorder"]]}],[9,13,0,{"ns_id":3,"virt_text_hide":false,"priority":4096,"virt_text_repeat_linebreak":true,"right_gravity":true,"virt_text_pos":"win_col","virt_text_win_col":-1,"virt_text":[["▌","OpencodeToolBorder"]]}],[10,14,0,{"ns_id":3,"virt_text_hide":false,"priority":4096,"virt_text_repeat_linebreak":true,"right_gravity":true,"virt_text_pos":"win_col","virt_text_win_col":-1,"virt_text":[["▌","OpencodeToolBorder"]]}],[11,15,0,{"ns_id":3,"virt_text_hide":false,"priority":4096,"virt_text_repeat_linebreak":true,"right_gravity":true,"virt_text_pos":"win_col","virt_text_win_col":-1,"virt_text":[["▌","OpencodeToolBorder"]]}],[12,16,0,{"ns_id":3,"virt_text_hide":false,"priority":4096,"virt_text_repeat_linebreak":true,"right_gravity":true,"virt_text_pos":"win_col","virt_text_win_col":-1,"virt_text":[["▌","OpencodeToolBorder"]]}]],"lines":["","----","","","Perfect! Now I understand how it works. The message headers have extmarks with `virt_text` where the first element contains the icon (either `header_user` or `header_assistant`). Let me check the output_window module to understand the extmark namespace:","","**  run** `Find extmark namespace usage`","","`````bash","> rg \"nvim_buf_get_extmarks|ns_id\" /Users/cam/Dev/neovim-dev/opencode.nvim/lua/opencode/ui/output_window.lua -B 2 -A 2","","`````","","> [!WARNING] Permission required to run this tool.",">","> Accept `a`    Always `A`    Deny `d`",""],"actions":[]}