{"extmarks":[[1,2,0,{"virt_text_repeat_linebreak":false,"priority":10,"virt_text_win_col":-3,"virt_text":[["▌󰭻 ","OpencodeMessageRoleUser"],[" "],["USER","OpencodeMessageRoleUser"],["","OpencodeHint"],[" (2025-10-20 15:20:02)","OpencodeHint"],[" [msg_a0234c0b7001y2o9S1jMaNVZar]","OpencodeHint"]],"right_gravity":true,"ns_id":3,"virt_text_hide":false,"virt_text_pos":"win_col"}],[2,3,0,{"virt_text_repeat_linebreak":true,"priority":4096,"virt_text_win_col":-3,"virt_text":[["▌","OpencodeMessageRoleUser"]],"right_gravity":true,"ns_id":3,"virt_text_hide":false,"virt_text_pos":"win_col"}],[3,4,0,{"virt_text_repeat_linebreak":true,"priority":4096,"virt_text_win_col":-3,"virt_text":[["▌","OpencodeMessageRoleUser"]],"right_gravity":true,"ns_id":3,"virt_text_hide":false,"virt_text_pos":"win_col"}],[4,5,0,{"virt_text_repeat_linebreak":true,"priority":4096,"virt_text_win_col":-3,"virt_text":[["▌","OpencodeMessageRoleUser"]],"right_gravity":true,"ns_id":3,"virt_text_hide":false,"virt_text_pos":"win_col"}],[5,6,0,{"virt_text_repeat_linebreak":true,"priority":4096,"virt_text_win_col":-3,"virt_text":[["▌","OpencodeMessageRoleUser"]],"right_gravity":true,"ns_id":3,"virt_text_hide":false,"virt_text_pos":"win_col"}],[6,9,0,{"virt_text_repeat_linebreak":false,"priority":10,"virt_text_win_col":-3,"virt_text":[[" ","OpencodeMessageRoleAssistant"],[" "],["BUILD","OpencodeMessageRoleAssistant"],[" gpt-5-mini","OpencodeHint"],[" (2025-10-20 15:20:04)","OpencodeHint"],[" [msg_a0234c7960011LTxTvD94hfWCi]","OpencodeHint"]],"right_gravity":true,"ns_id":3,"virt_text_hide":false,"virt_text_pos":"win_col"}],[7,13,0,{"virt_text_repeat_linebreak":true,"priority":4096,"virt_text_win_col":-1,"virt_text":[["▌","OpencodeToolBorder"]],"right_gravity":true,"ns_id":3,"virt_text_hide":false,"virt_text_pos":"win_col"}],[8,14,0,{"virt_text_repeat_linebreak":true,"priority":4096,"virt_text_win_col":-1,"virt_text":[["▌","OpencodeToolBorder"]],"right_gravity":true,"ns_id":3,"virt_text_hide":false,"virt_text_pos":"win_col"}],[9,15,0,{"virt_text_repeat_linebreak":true,"priority":4096,"virt_text_win_col":-1,"virt_text":[["▌","OpencodeToolBorder"]],"right_gravity":true,"ns_id":3,"virt_text_hide":false,"virt_text_pos":"win_col"}],[10,16,0,{"end_col":0,"end_row":17,"hl_eol":true,"right_gravity":true,"end_right_gravity":false,"virt_text_hide":false,"virt_text_repeat_linebreak":false,"hl_group":"OpencodeDiffDelete","ns_id":3,"priority":5000,"virt_text":[["-","OpencodeDiffDelete"]],"virt_text_pos":"overlay"}],[11,16,0,{"virt_text_repeat_linebreak":true,"priority":4096,"virt_text_win_col":-1,"virt_text":[["▌","OpencodeToolBorder"]],"right_gravity":true,"ns_id":3,"virt_text_hide":false,"virt_text_pos":"win_col"}],[12,17,0,{"end_col":0,"end_row":18,"hl_eol":true,"right_gravity":true,"end_right_gravity":false,"virt_text_hide":false,"virt_text_repeat_linebreak":false,"hl_group":"OpencodeDiffAdd","ns_id":3,"priority":5000,"virt_text":[["+","OpencodeDiffAdd"]],"virt_text_pos":"overlay"}],[13,17,0,{"virt_text_repeat_linebreak":true,"priority":4096,"virt_text_win_col":-1,"virt_text":[["▌","OpencodeToolBorder"]],"right_gravity":true,"ns_id":3,"virt_text_hide":false,"virt_text_pos":"win_col"}],[14,18,0,{"virt_text_repeat_linebreak":true,"priority":4096,"virt_text_win_col":-1,"virt_text":[["▌","OpencodeToolBorder"]],"right_gravity":true,"ns_id":3,"virt_text_hide":false,"virt_text_pos":"win_col"}],[15,19,0,{"virt_text_repeat_linebreak":true,"priority":4096,"virt_text_win_col":-1,"virt_text":[["▌","OpencodeToolBorder"]],"right_gravity":true,"ns_id":3,"virt_text_hide":false,"virt_text_pos":"win_col"}],[16,20,0,{"virt_text_repeat_linebreak":true,"priority":4096,"virt_text_win_col":-1,"virt_text":[["▌","OpencodeToolBorder"]],"right_gravity":true,"ns_id":3,"virt_text_hide":false,"virt_text_pos":"win_col"}],[17,21,0,{"virt_text_repeat_linebreak":true,"priority":4096,"virt_text_win_col":-1,"virt_text":[["▌","OpencodeToolBorder"]],"right_gravity":true,"ns_id":3,"virt_text_hide":false,"virt_text_pos":"win_col"}],[18,26,0,{"virt_text_repeat_linebreak":false,"priority":10,"virt_text_win_col":-3,"virt_text":[[" ","OpencodeMessageRoleAssistant"],[" "],["BUILD","OpencodeMessageRoleAssistant"],[" gpt-5-mini","OpencodeHint"],[" (2025-10-20 15:20:09)","OpencodeHint"],[" [msg_a0234d8fb001SXyngLjuKSuxOY]","OpencodeHint"]],"right_gravity":true,"ns_id":3,"virt_text_hide":false,"virt_text_pos":"win_col"}],[19,31,0,{"virt_text_repeat_linebreak":false,"priority":10,"virt_text_win_col":-3,"virt_text":[["▌󰭻 ","OpencodeMessageRoleUser"],[" "],["USER","OpencodeMessageRoleUser"],["","OpencodeHint"],[" (2025-10-20 15:20:11)","OpencodeHint"],[" [msg_a0234e308001SKl5bQUibp5gtI]","OpencodeHint"]],"right_gravity":true,"ns_id":3,"virt_text_hide":false,"virt_text_pos":"win_col"}],[20,32,0,{"virt_text_repeat_linebreak":true,"priority":4096,"virt_text_win_col":-3,"virt_text":[["▌","OpencodeMessageRoleUser"]],"right_gravity":true,"ns_id":3,"virt_text_hide":false,"virt_text_pos":"win_col"}],[21,33,0,{"virt_text_repeat_linebreak":true,"priority":4096,"virt_text_win_col":-3,"virt_text":[["▌","OpencodeMessageRoleUser"]],"right_gravity":true,"ns_id":3,"virt_text_hide":false,"virt_text_pos":"win_col"}],[22,36,0,{"virt_text_repeat_linebreak":false,"priority":10,"virt_text_win_col":-3,"virt_text":[[" ","OpencodeMessageRoleAssistant"],[" "],["BUILD","OpencodeMessageRoleAssistant"],[" gpt-5-mini","OpencodeHint"],[" (2025-10-20 15:20:11)","OpencodeHint"],[" [msg_a0234e31f001m4EsQdPmY3PTtS]","OpencodeHint"]],"right_gravity":true,"ns_id":3,"virt_text_hide":false,"virt_text_pos":"win_col"}],[23,43,0,{"virt_text_repeat_linebreak":false,"priority":10,"virt_text_win_col":-3,"virt_text":[[" ","OpencodeMessageRoleAssistant"],[" "],["BUILD","OpencodeMessageRoleAssistant"],[" gpt-5-mini","OpencodeHint"],[" (2025-10-20 15:20:16)","OpencodeHint"],[" [msg_a0234f482001PQbMjWc6W8s0eF]","OpencodeHint"]],"right_gravity":true,"ns_id":3,"virt_text_hide":false,"virt_text_pos":"win_col"}],[24,47,0,{"virt_text_repeat_linebreak":true,"priority":4096,"virt_text_win_col":-1,"virt_text":[["▌","OpencodeToolBorder"]],"right_gravity":true,"ns_id":3,"virt_text_hide":false,"virt_text_pos":"win_col"}],[25,48,0,{"virt_text_repeat_linebreak":true,"priority":4096,"virt_text_win_col":-1,"virt_text":[["▌","OpencodeToolBorder"]],"right_gravity":true,"ns_id":3,"virt_text_hide":false,"virt_text_pos":"win_col"}],[26,49,0,{"virt_text_repeat_linebreak":true,"priority":4096,"virt_text_win_col":-1,"virt_text":[["▌","OpencodeToolBorder"]],"right_gravity":true,"ns_id":3,"virt_text_hide":false,"virt_text_pos":"win_col"}],[27,50,0,{"end_col":0,"end_row":51,"hl_eol":true,"right_gravity":true,"end_right_gravity":false,"virt_text_hide":false,"virt_text_repeat_linebreak":false,"hl_group":"OpencodeDiffDelete","ns_id":3,"priority":5000,"virt_text":[["-","OpencodeDiffDelete"]],"virt_text_pos":"overlay"}],[28,50,0,{"virt_text_repeat_linebreak":true,"priority":4096,"virt_text_win_col":-1,"virt_text":[["▌","OpencodeToolBorder"]],"right_gravity":true,"ns_id":3,"virt_text_hide":false,"virt_text_pos":"win_col"}],[29,51,0,{"end_col":0,"end_row":52,"hl_eol":true,"right_gravity":true,"end_right_gravity":false,"virt_text_hide":false,"virt_text_repeat_linebreak":false,"hl_group":"OpencodeDiffAdd","ns_id":3,"priority":5000,"virt_text":[["+","OpencodeDiffAdd"]],"virt_text_pos":"overlay"}],[30,51,0,{"virt_text_repeat_linebreak":true,"priority":4096,"virt_text_win_col":-1,"virt_text":[["▌","OpencodeToolBorder"]],"right_gravity":true,"ns_id":3,"virt_text_hide":false,"virt_text_pos":"win_col"}],[31,52,0,{"virt_text_repeat_linebreak":true,"priority":4096,"virt_text_win_col":-1,"virt_text":[["▌","OpencodeToolBorder"]],"right_gravity":true,"ns_id":3,"virt_text_hide":false,"virt_text_pos":"win_col"}],[32,53,0,{"virt_text_repeat_linebreak":true,"priority":4096,"virt_text_win_col":-1,"virt_text":[["▌","OpencodeToolBorder"]],"right_gravity":true,"ns_id":3,"virt_text_hide":false,"virt_text_pos":"win_col"}],[33,54,0,{"virt_text_repeat_linebreak":true,"priority":4096,"virt_text_win_col":-1,"virt_text":[["▌","OpencodeToolBorder"]],"right_gravity":true,"ns_id":3,"virt_text_hide":false,"virt_text_pos":"win_col"}],[34,55,0,{"virt_text_repeat_linebreak":true,"priority":4096,"virt_text_win_col":-1,"virt_text":[["▌","OpencodeToolBorder"]],"right_gravity":true,"ns_id":3,"virt_text_hide":false,"virt_text_pos":"win_col"}],[35,60,0,{"virt_text_repeat_linebreak":false,"priority":10,"virt_text_win_col":-3,"virt_text":[[" ","OpencodeMessageRoleAssistant"],[" "],["BUILD","OpencodeMessageRoleAssistant"],[" gpt-5-mini","OpencodeHint"],[" (2025-10-20 15:20:17)","OpencodeHint"],[" [msg_a0234f9c6001JCKYaca1HHwwx6]","OpencodeHint"]],"right_gravity":true,"ns_id":3,"virt_text_hide":false,"virt_text_pos":"win_col"}],[36,65,0,{"virt_text_repeat_linebreak":false,"priority":10,"virt_text_win_col":-3,"virt_text":[["▌󰭻 ","OpencodeMessageRoleUser"],[" "],["USER","OpencodeMessageRoleUser"],["","OpencodeHint"],[" (2025-10-20 15:22:29)","OpencodeHint"],[" [msg_a0236fd1c001TlwqL8fwvq529i]","OpencodeHint"]],"right_gravity":true,"ns_id":3,"virt_text_hide":false,"virt_text_pos":"win_col"}],[37,66,0,{"virt_text_repeat_linebreak":true,"priority":4096,"virt_text_win_col":-3,"virt_text":[["▌","OpencodeMessageRoleUser"]],"right_gravity":true,"ns_id":3,"virt_text_hide":false,"virt_text_pos":"win_col"}],[38,67,0,{"virt_text_repeat_linebreak":true,"priority":4096,"virt_text_win_col":-3,"virt_text":[["▌","OpencodeMessageRoleUser"]],"right_gravity":true,"ns_id":3,"virt_text_hide":false,"virt_text_pos":"win_col"}],[39,70,0,{"virt_text_repeat_linebreak":false,"priority":10,"virt_text_win_col":-3,"virt_text":[[" ","OpencodeMessageRoleAssistant"],[" "],["BUILD","OpencodeMessageRoleAssistant"],[" gpt-5-mini","OpencodeHint"],[" (2025-10-20 15:22:29)","OpencodeHint"],[" [msg_a0236fd57001pTnTjSBdFlleCb]","OpencodeHint"]],"right_gravity":true,"ns_id":3,"virt_text_hide":false,"virt_text_pos":"win_col"}],[40,77,0,{"virt_text_repeat_linebreak":false,"priority":10,"virt_text_win_col":-3,"virt_text":[[" ","OpencodeMessageRoleAssistant"],[" "],["BUILD","OpencodeMessageRoleAssistant"],[" gpt-5-mini","OpencodeHint"],[" (2025-10-20 15:22:34)","OpencodeHint"],[" [msg_a02371241001PBQAsr8Oc9hqNI]","OpencodeHint"]],"right_gravity":true,"ns_id":3,"virt_text_hide":false,"virt_text_pos":"win_col"}],[41,81,0,{"virt_text_repeat_linebreak":true,"priority":4096,"virt_text_win_col":-1,"virt_text":[["▌","OpencodeToolBorder"]],"right_gravity":true,"ns_id":3,"virt_text_hide":false,"virt_text_pos":"win_col"}],[42,82,0,{"virt_text_repeat_linebreak":true,"priority":4096,"virt_text_win_col":-1,"virt_text":[["▌","OpencodeToolBorder"]],"right_gravity":true,"ns_id":3,"virt_text_hide":false,"virt_text_pos":"win_col"}],[43,83,0,{"virt_text_repeat_linebreak":true,"priority":4096,"virt_text_win_col":-1,"virt_text":[["▌","OpencodeToolBorder"]],"right_gravity":true,"ns_id":3,"virt_text_hide":false,"virt_text_pos":"win_col"}],[44,84,0,{"end_col":0,"end_row":85,"hl_eol":true,"right_gravity":true,"end_right_gravity":false,"virt_text_hide":false,"virt_text_repeat_linebreak":false,"hl_group":"OpencodeDiffDelete","ns_id":3,"priority":5000,"virt_text":[["-","OpencodeDiffDelete"]],"virt_text_pos":"overlay"}],[45,84,0,{"virt_text_repeat_linebreak":true,"priority":4096,"virt_text_win_col":-1,"virt_text":[["▌","OpencodeToolBorder"]],"right_gravity":true,"ns_id":3,"virt_text_hide":false,"virt_text_pos":"win_col"}],[46,85,0,{"end_col":0,"end_row":86,"hl_eol":true,"right_gravity":true,"end_right_gravity":false,"virt_text_hide":false,"virt_text_repeat_linebreak":false,"hl_group":"OpencodeDiffAdd","ns_id":3,"priority":5000,"virt_text":[["+","OpencodeDiffAdd"]],"virt_text_pos":"overlay"}],[47,85,0,{"virt_text_repeat_linebreak":true,"priority":4096,"virt_text_win_col":-1,"virt_text":[["▌","OpencodeToolBorder"]],"right_gravity":true,"ns_id":3,"virt_text_hide":false,"virt_text_pos":"win_col"}],[48,86,0,{"virt_text_repeat_linebreak":true,"priority":4096,"virt_text_win_col":-1,"virt_text":[["▌","OpencodeToolBorder"]],"right_gravity":true,"ns_id":3,"virt_text_hide":false,"virt_text_pos":"win_col"}],[49,87,0,{"virt_text_repeat_linebreak":true,"priority":4096,"virt_text_win_col":-1,"virt_text":[["▌","OpencodeToolBorder"]],"right_gravity":true,"ns_id":3,"virt_text_hide":false,"virt_text_pos":"win_col"}],[50,88,0,{"virt_text_repeat_linebreak":true,"priority":4096,"virt_text_win_col":-1,"virt_text":[["▌","OpencodeToolBorder"]],"right_gravity":true,"ns_id":3,"virt_text_hide":false,"virt_text_pos":"win_col"}],[51,89,0,{"virt_text_repeat_linebreak":true,"priority":4096,"virt_text_win_col":-1,"virt_text":[["▌","OpencodeToolBorder"]],"right_gravity":true,"ns_id":3,"virt_text_hide":false,"virt_text_pos":"win_col"}],[52,94,0,{"virt_text_repeat_linebreak":false,"priority":10,"virt_text_win_col":-3,"virt_text":[[" ","OpencodeMessageRoleAssistant"],[" "],["BUILD","OpencodeMessageRoleAssistant"],[" gpt-5-mini","OpencodeHint"],[" (2025-10-20 15:22:39)","OpencodeHint"],[" [msg_a023723d0001r87MaJThFssUw1]","OpencodeHint"]],"right_gravity":true,"ns_id":3,"virt_text_hide":false,"virt_text_pos":"win_col"}]],"lines":["","----","","","add another word","","[test.txt](test.txt)","","----","","","I'll append a single word (\"again\") to the first line of `test.txt`. Applying a precise edit to the existing line now.","","**  edit** `test.txt`","","`````txt"," tangram quiver saffron nebula cobalt murmur plinth zephyr ember lattice cadenza another yet extra more","  tangram quiver saffron nebula cobalt murmur plinth zephyr ember lattice cadenza another yet extra more again"," "," ","","`````","","**󰻛  Created Snapshot** `1b6ba655`","","----","","","**Done:** added the word `again` to `test.txt`.","","----","","","add another word","","----","","","I'll read `test.txt` to get the current first-line content, then append one word (\"again2\") to that line. Proceeding to read the file.","","**  read** `test.txt`","","----","","","Now I'll append the word \"again2\" to the first line. I'll apply an exact in-place edit to update that line.","","**  edit** `test.txt`","","`````txt"," tangram quiver saffron nebula cobalt murmur plinth zephyr ember lattice cadenza another yet extra more again","  tangram quiver saffron nebula cobalt murmur plinth zephyr ember lattice cadenza another yet extra more again again2"," "," ","","`````","","**󰻛  Created Snapshot** `57d83f55`","","----","","","**Done:** appended the word `again2` to `test.txt`.","","----","","","add another word","","----","","","I'll read `test.txt` to get the current first-line content, then append the word `again3`. Proceeding to read the file.","","**  read** `test.txt`","","----","","","I'll append the word \"again3\" to the first line of `test.txt` with an exact in-place edit. Applying the change now.","","**  edit** `test.txt`","","`````txt"," tangram quiver saffron nebula cobalt murmur plinth zephyr ember lattice cadenza another yet extra more again again2","  tangram quiver saffron nebula cobalt murmur plinth zephyr ember lattice cadenza another yet extra more again again2 again3"," "," ","","`````","","**󰻛  Created Snapshot** `d988cc85`","","----","","","**Done:** appended the word `again3` to `test.txt`.",""],"actions":[{"text":"[R]evert file","type":"diff_revert_selected_file","key":"R","display_line":58,"args":["57d83f5596cb1f142fbc681d3d93b7184f7f73cd"],"range":{"to":58,"from":58}},{"text":"Revert [A]ll","type":"diff_revert_all","key":"A","display_line":58,"args":["57d83f5596cb1f142fbc681d3d93b7184f7f73cd"],"range":{"to":58,"from":58}},{"text":"[D]iff","type":"diff_open","key":"D","display_line":58,"args":["57d83f5596cb1f142fbc681d3d93b7184f7f73cd"],"range":{"to":58,"from":58}},{"text":"[R]evert file","type":"diff_revert_selected_file","key":"R","display_line":92,"args":["d988cc85565b99017d40ad8baea20225165be9d5"],"range":{"to":92,"from":92}},{"text":"Revert [A]ll","type":"diff_revert_all","key":"A","display_line":92,"args":["d988cc85565b99017d40ad8baea20225165be9d5"],"range":{"to":92,"from":92}},{"text":"[D]iff","type":"diff_open","key":"D","display_line":92,"args":["d988cc85565b99017d40ad8baea20225165be9d5"],"range":{"to":92,"from":92}},{"text":"[R]evert file","type":"diff_revert_selected_file","key":"R","display_line":24,"args":["1b6ba655c6c0d899965adff278ac6320d5fc3b12"],"range":{"to":24,"from":24}},{"text":"Revert [A]ll","type":"diff_revert_all","key":"A","display_line":24,"args":["1b6ba655c6c0d899965adff278ac6320d5fc3b12"],"range":{"to":24,"from":24}},{"text":"[D]iff","type":"diff_open","key":"D","display_line":24,"args":["1b6ba655c6c0d899965adff278ac6320d5fc3b12"],"range":{"to":24,"from":24}}],"timestamp":1761708193}