{"actions":[{"text":"[R]evert file","range":{"to":58,"from":58},"args":["57d83f5596cb1f142fbc681d3d93b7184f7f73cd"],"type":"diff_revert_selected_file","display_line":58,"key":"R"},{"text":"Revert [A]ll","range":{"to":58,"from":58},"args":["57d83f5596cb1f142fbc681d3d93b7184f7f73cd"],"type":"diff_revert_all","display_line":58,"key":"A"},{"text":"[D]iff","range":{"to":58,"from":58},"args":["57d83f5596cb1f142fbc681d3d93b7184f7f73cd"],"type":"diff_open","display_line":58,"key":"D"},{"text":"[R]evert file","range":{"to":24,"from":24},"args":["1b6ba655c6c0d899965adff278ac6320d5fc3b12"],"type":"diff_revert_selected_file","display_line":24,"key":"R"},{"text":"Revert [A]ll","range":{"to":24,"from":24},"args":["1b6ba655c6c0d899965adff278ac6320d5fc3b12"],"type":"diff_revert_all","display_line":24,"key":"A"},{"text":"[D]iff","range":{"to":24,"from":24},"args":["1b6ba655c6c0d899965adff278ac6320d5fc3b12"],"type":"diff_open","display_line":24,"key":"D"}],"timestamp":1761708193,"extmarks":[[1,2,0,{"virt_text_hide":false,"virt_text":[["▌󰭻 ","OpencodeMessageRoleUser"],[" "],["USER","OpencodeMessageRoleUser"],["","OpencodeHint"],[" (2025-10-20 15:20:02)","OpencodeHint"],[" [msg_a0234c0b7001y2o9S1jMaNVZar]","OpencodeHint"]],"ns_id":3,"virt_text_pos":"win_col","virt_text_win_col":-3,"priority":10,"right_gravity":true,"virt_text_repeat_linebreak":false}],[2,3,0,{"virt_text_hide":false,"virt_text":[["▌","OpencodeMessageRoleUser"]],"ns_id":3,"virt_text_pos":"win_col","virt_text_win_col":-3,"priority":4096,"right_gravity":true,"virt_text_repeat_linebreak":true}],[3,4,0,{"virt_text_hide":false,"virt_text":[["▌","OpencodeMessageRoleUser"]],"ns_id":3,"virt_text_pos":"win_col","virt_text_win_col":-3,"priority":4096,"right_gravity":true,"virt_text_repeat_linebreak":true}],[4,5,0,{"virt_text_hide":false,"virt_text":[["▌","OpencodeMessageRoleUser"]],"ns_id":3,"virt_text_pos":"win_col","virt_text_win_col":-3,"priority":4096,"right_gravity":true,"virt_text_repeat_linebreak":true}],[5,6,0,{"virt_text_hide":false,"virt_text":[["▌","OpencodeMessageRoleUser"]],"ns_id":3,"virt_text_pos":"win_col","virt_text_win_col":-3,"priority":4096,"right_gravity":true,"virt_text_repeat_linebreak":true}],[6,9,0,{"virt_text_hide":false,"virt_text":[[" ","OpencodeMessageRoleAssistant"],[" "],["BUILD","OpencodeMessageRoleAssistant"],[" gpt-5-mini","OpencodeHint"],[" (2025-10-20 15:20:04)","OpencodeHint"],[" [msg_a0234c7960011LTxTvD94hfWCi]","OpencodeHint"]],"ns_id":3,"virt_text_pos":"win_col","virt_text_win_col":-3,"priority":10,"right_gravity":true,"virt_text_repeat_linebreak":false}],[7,13,0,{"virt_text_hide":false,"virt_text":[["▌","OpencodeToolBorder"]],"ns_id":3,"virt_text_pos":"win_col","virt_text_win_col":-1,"priority":4096,"right_gravity":true,"virt_text_repeat_linebreak":true}],[8,14,0,{"virt_text_hide":false,"virt_text":[["▌","OpencodeToolBorder"]],"ns_id":3,"virt_text_pos":"win_col","virt_text_win_col":-1,"priority":4096,"right_gravity":true,"virt_text_repeat_linebreak":true}],[9,15,0,{"virt_text_hide":false,"virt_text":[["▌","OpencodeToolBorder"]],"ns_id":3,"virt_text_pos":"win_col","virt_text_win_col":-1,"priority":4096,"right_gravity":true,"virt_text_repeat_linebreak":true}],[10,16,0,{"virt_text_hide":false,"virt_text_repeat_linebreak":false,"hl_group":"OpencodeDiffDelete","virt_text_pos":"overlay","virt_text":[["-","OpencodeDiffDelete"]],"hl_eol":true,"ns_id":3,"end_col":0,"end_row":17,"priority":5000,"right_gravity":true,"end_right_gravity":false}],[11,16,0,{"virt_text_hide":false,"virt_text":[["▌","OpencodeToolBorder"]],"ns_id":3,"virt_text_pos":"win_col","virt_text_win_col":-1,"priority":4096,"right_gravity":true,"virt_text_repeat_linebreak":true}],[12,17,0,{"virt_text_hide":false,"virt_text_repeat_linebreak":false,"hl_group":"OpencodeDiffAdd","virt_text_pos":"overlay","virt_text":[["+","OpencodeDiffAdd"]],"hl_eol":true,"ns_id":3,"end_col":0,"end_row":18,"priority":5000,"right_gravity":true,"end_right_gravity":false}],[13,17,0,{"virt_text_hide":false,"virt_text":[["▌","OpencodeToolBorder"]],"ns_id":3,"virt_text_pos":"win_col","virt_text_win_col":-1,"priority":4096,"right_gravity":true,"virt_text_repeat_linebreak":true}],[14,18,0,{"virt_text_hide":false,"virt_text":[["▌","OpencodeToolBorder"]],"ns_id":3,"virt_text_pos":"win_col","virt_text_win_col":-1,"priority":4096,"right_gravity":true,"virt_text_repeat_linebreak":true}],[15,19,0,{"virt_text_hide":false,"virt_text":[["▌","OpencodeToolBorder"]],"ns_id":3,"virt_text_pos":"win_col","virt_text_win_col":-1,"priority":4096,"right_gravity":true,"virt_text_repeat_linebreak":true}],[16,20,0,{"virt_text_hide":false,"virt_text":[["▌","OpencodeToolBorder"]],"ns_id":3,"virt_text_pos":"win_col","virt_text_win_col":-1,"priority":4096,"right_gravity":true,"virt_text_repeat_linebreak":true}],[17,21,0,{"virt_text_hide":false,"virt_text":[["▌","OpencodeToolBorder"]],"ns_id":3,"virt_text_pos":"win_col","virt_text_win_col":-1,"priority":4096,"right_gravity":true,"virt_text_repeat_linebreak":true}],[18,26,0,{"virt_text_hide":false,"virt_text":[[" ","OpencodeMessageRoleAssistant"],[" "],["BUILD","OpencodeMessageRoleAssistant"],[" gpt-5-mini","OpencodeHint"],[" (2025-10-20 15:20:09)","OpencodeHint"],[" [msg_a0234d8fb001SXyngLjuKSuxOY]","OpencodeHint"]],"ns_id":3,"virt_text_pos":"win_col","virt_text_win_col":-3,"priority":10,"right_gravity":true,"virt_text_repeat_linebreak":false}],[19,31,0,{"virt_text_hide":false,"virt_text":[["▌󰭻 ","OpencodeMessageRoleUser"],[" "],["USER","OpencodeMessageRoleUser"],["","OpencodeHint"],[" (2025-10-20 15:20:11)","OpencodeHint"],[" [msg_a0234e308001SKl5bQUibp5gtI]","OpencodeHint"]],"ns_id":3,"virt_text_pos":"win_col","virt_text_win_col":-3,"priority":10,"right_gravity":true,"virt_text_repeat_linebreak":false}],[20,32,0,{"virt_text_hide":false,"virt_text":[["▌","OpencodeMessageRoleUser"]],"ns_id":3,"virt_text_pos":"win_col","virt_text_win_col":-3,"priority":4096,"right_gravity":true,"virt_text_repeat_linebreak":true}],[21,33,0,{"virt_text_hide":false,"virt_text":[["▌","OpencodeMessageRoleUser"]],"ns_id":3,"virt_text_pos":"win_col","virt_text_win_col":-3,"priority":4096,"right_gravity":true,"virt_text_repeat_linebreak":true}],[22,36,0,{"virt_text_hide":false,"virt_text":[[" ","OpencodeMessageRoleAssistant"],[" "],["BUILD","OpencodeMessageRoleAssistant"],[" gpt-5-mini","OpencodeHint"],[" (2025-10-20 15:20:11)","OpencodeHint"],[" [msg_a0234e31f001m4EsQdPmY3PTtS]","OpencodeHint"]],"ns_id":3,"virt_text_pos":"win_col","virt_text_win_col":-3,"priority":10,"right_gravity":true,"virt_text_repeat_linebreak":false}],[23,43,0,{"virt_text_hide":false,"virt_text":[[" ","OpencodeMessageRoleAssistant"],[" "],["BUILD","OpencodeMessageRoleAssistant"],[" gpt-5-mini","OpencodeHint"],[" (2025-10-20 15:20:16)","OpencodeHint"],[" [msg_a0234f482001PQbMjWc6W8s0eF]","OpencodeHint"]],"ns_id":3,"virt_text_pos":"win_col","virt_text_win_col":-3,"priority":10,"right_gravity":true,"virt_text_repeat_linebreak":false}],[24,47,0,{"virt_text_hide":false,"virt_text":[["▌","OpencodeToolBorder"]],"ns_id":3,"virt_text_pos":"win_col","virt_text_win_col":-1,"priority":4096,"right_gravity":true,"virt_text_repeat_linebreak":true}],[25,48,0,{"virt_text_hide":false,"virt_text":[["▌","OpencodeToolBorder"]],"ns_id":3,"virt_text_pos":"win_col","virt_text_win_col":-1,"priority":4096,"right_gravity":true,"virt_text_repeat_linebreak":true}],[26,49,0,{"virt_text_hide":false,"virt_text":[["▌","OpencodeToolBorder"]],"ns_id":3,"virt_text_pos":"win_col","virt_text_win_col":-1,"priority":4096,"right_gravity":true,"virt_text_repeat_linebreak":true}],[27,50,0,{"virt_text_hide":false,"virt_text_repeat_linebreak":false,"hl_group":"OpencodeDiffDelete","virt_text_pos":"overlay","virt_text":[["-","OpencodeDiffDelete"]],"hl_eol":true,"ns_id":3,"end_col":0,"end_row":51,"priority":5000,"right_gravity":true,"end_right_gravity":false}],[28,50,0,{"virt_text_hide":false,"virt_text":[["▌","OpencodeToolBorder"]],"ns_id":3,"virt_text_pos":"win_col","virt_text_win_col":-1,"priority":4096,"right_gravity":true,"virt_text_repeat_linebreak":true}],[29,51,0,{"virt_text_hide":false,"virt_text_repeat_linebreak":false,"hl_group":"OpencodeDiffAdd","virt_text_pos":"overlay","virt_text":[["+","OpencodeDiffAdd"]],"hl_eol":true,"ns_id":3,"end_col":0,"end_row":52,"priority":5000,"right_gravity":true,"end_right_gravity":false}],[30,51,0,{"virt_text_hide":false,"virt_text":[["▌","OpencodeToolBorder"]],"ns_id":3,"virt_text_pos":"win_col","virt_text_win_col":-1,"priority":4096,"right_gravity":true,"virt_text_repeat_linebreak":true}],[31,52,0,{"virt_text_hide":false,"virt_text":[["▌","OpencodeToolBorder"]],"ns_id":3,"virt_text_pos":"win_col","virt_text_win_col":-1,"priority":4096,"right_gravity":true,"virt_text_repeat_linebreak":true}],[32,53,0,{"virt_text_hide":false,"virt_text":[["▌","OpencodeToolBorder"]],"ns_id":3,"virt_text_pos":"win_col","virt_text_win_col":-1,"priority":4096,"right_gravity":true,"virt_text_repeat_linebreak":true}],[33,54,0,{"virt_text_hide":false,"virt_text":[["▌","OpencodeToolBorder"]],"ns_id":3,"virt_text_pos":"win_col","virt_text_win_col":-1,"priority":4096,"right_gravity":true,"virt_text_repeat_linebreak":true}],[34,55,0,{"virt_text_hide":false,"virt_text":[["▌","OpencodeToolBorder"]],"ns_id":3,"virt_text_pos":"win_col","virt_text_win_col":-1,"priority":4096,"right_gravity":true,"virt_text_repeat_linebreak":true}],[35,60,0,{"virt_text_hide":false,"virt_text":[[" ","OpencodeMessageRoleAssistant"],[" "],["BUILD","OpencodeMessageRoleAssistant"],[" gpt-5-mini","OpencodeHint"],[" (2025-10-20 15:20:17)","OpencodeHint"],[" [msg_a0234f9c6001JCKYaca1HHwwx6]","OpencodeHint"]],"ns_id":3,"virt_text_pos":"win_col","virt_text_win_col":-3,"priority":10,"right_gravity":true,"virt_text_repeat_linebreak":false}],[36,70,0,{"virt_text_hide":false,"virt_text":[["+1","OpencodeDiffAddText"]],"ns_id":3,"virt_text_pos":"win_col","virt_text_win_col":12,"priority":1000,"right_gravity":true,"virt_text_repeat_linebreak":false}],[37,70,0,{"virt_text_hide":false,"virt_text":[["-1","OpencodeDiffDeleteText"]],"ns_id":3,"virt_text_pos":"win_col","virt_text_win_col":15,"priority":1000,"right_gravity":true,"virt_text_repeat_linebreak":false}]],"lines":["","----","","","add another word","","[test.txt](test.txt)","","----","","","I'll append a single word (\"again\") to the first line of `test.txt`. Applying a precise edit to the existing line now.","","**  edit** `test.txt`","","`````txt"," tangram quiver saffron nebula cobalt murmur plinth zephyr ember lattice cadenza another yet extra more","  tangram quiver saffron nebula cobalt murmur plinth zephyr ember lattice cadenza another yet extra more again"," "," ","","`````","","**󰻛  Created Snapshot** `1b6ba655`","","----","","","**Done:** added the word `again` to `test.txt`.","","----","","","add another word","","----","","","I'll read `test.txt` to get the current first-line content, then append one word (\"again2\") to that line. Proceeding to read the file.","","**  read** `test.txt`","","----","","","Now I'll append the word \"again2\" to the first line. I'll apply an exact in-place edit to update that line.","","**  edit** `test.txt`","","`````txt"," tangram quiver saffron nebula cobalt murmur plinth zephyr ember lattice cadenza another yet extra more again","  tangram quiver saffron nebula cobalt murmur plinth zephyr ember lattice cadenza another yet extra more again again2"," "," ","","`````","","**󰻛  Created Snapshot** `57d83f55`","","----","","","**Done:** appended the word `again2` to `test.txt`.","","----","","> 1 message reverted, 2 tool calls reverted",">","> type `/redo` to restore.",""," test.txt: +1 -1"]}