{"timestamp":1761708193,"actions":[{"key":"R","type":"diff_revert_selected_file","text":"[R]evert file","args":["c410b2b4024de020aea223c5248eec89216de53f"],"display_line":55,"range":{"from":55,"to":55}},{"key":"A","type":"diff_revert_all","text":"Revert [A]ll","args":["c410b2b4024de020aea223c5248eec89216de53f"],"display_line":55,"range":{"from":55,"to":55}},{"key":"D","type":"diff_open","text":"[D]iff","args":["c410b2b4024de020aea223c5248eec89216de53f"],"display_line":55,"range":{"from":55,"to":55}}],"lines":["","----","","","write 10 random words","","[poem.md](poem.md)","","----","","","Here are 10 random words:","","1. Lantern  ","2. Whisper  ","3. Velvet  ","4. Orbit  ","5. Timber  ","6. Quiver  ","7. Mosaic  ","8. Ember  ","9. Spiral  ","10. Glimmer","","Let me know if you need them in a specific format or want to use them in a file!","","----","","","write 10 random words to the file","","----","","","I will write 10 random words to poem.md, each on a new line.","","Proceeding to update the file now.","","**  write** `poem.md`","","`````md","Lantern","Whisper","Velvet","Orbit","Timber","Quiver","Mosaic","Ember","Spiral","Glimmer","","`````","","**󰻛  Created Snapshot** `c410b2b4`","","----","","","The file poem.md has been updated with 10 random words, each on a new line. Task complete! If you need anything else, let me know.","","----","","> 2 messages reverted, 4 tool calls reverted",">","> type `/redo` to restore.",""," poem.md: -20"],"extmarks":[[1,2,0,{"virt_text_win_col":-3,"virt_text_repeat_linebreak":false,"ns_id":3,"virt_text":[["▌󰭻 ","OpencodeMessageRoleUser"],[" "],["USER","OpencodeMessageRoleUser"],["","OpencodeHint"],[" (2025-10-19 17:50:43)","OpencodeHint"],[" [msg_9fd985573001fk1Xlot7uyDgTo]","OpencodeHint"]],"virt_text_pos":"win_col","right_gravity":true,"priority":10,"virt_text_hide":false}],[2,3,0,{"virt_text_win_col":-3,"virt_text_repeat_linebreak":true,"ns_id":3,"virt_text":[["▌","OpencodeMessageRoleUser"]],"virt_text_pos":"win_col","right_gravity":true,"priority":4096,"virt_text_hide":false}],[3,4,0,{"virt_text_win_col":-3,"virt_text_repeat_linebreak":true,"ns_id":3,"virt_text":[["▌","OpencodeMessageRoleUser"]],"virt_text_pos":"win_col","right_gravity":true,"priority":4096,"virt_text_hide":false}],[4,5,0,{"virt_text_win_col":-3,"virt_text_repeat_linebreak":true,"ns_id":3,"virt_text":[["▌","OpencodeMessageRoleUser"]],"virt_text_pos":"win_col","right_gravity":true,"priority":4096,"virt_text_hide":false}],[5,6,0,{"virt_text_win_col":-3,"virt_text_repeat_linebreak":true,"ns_id":3,"virt_text":[["▌","OpencodeMessageRoleUser"]],"virt_text_pos":"win_col","right_gravity":true,"priority":4096,"virt_text_hide":false}],[6,9,0,{"virt_text_win_col":-3,"virt_text_repeat_linebreak":false,"ns_id":3,"virt_text":[[" ","OpencodeMessageRoleAssistant"],[" "],["BUILD","OpencodeMessageRoleAssistant"],[" gpt-4.1","OpencodeHint"],[" (2025-10-19 17:50:44)","OpencodeHint"],[" [msg_9fd985a4d001wOX3Op7CpFiCTq]","OpencodeHint"]],"virt_text_pos":"win_col","right_gravity":true,"priority":10,"virt_text_hide":false}],[7,27,0,{"virt_text_win_col":-3,"virt_text_repeat_linebreak":false,"ns_id":3,"virt_text":[["▌󰭻 ","OpencodeMessageRoleUser"],[" "],["USER","OpencodeMessageRoleUser"],["","OpencodeHint"],[" (2025-10-19 17:50:57)","OpencodeHint"],[" [msg_9fd988c92001w0IZCVPQsN6xa9]","OpencodeHint"]],"virt_text_pos":"win_col","right_gravity":true,"priority":10,"virt_text_hide":false}],[8,28,0,{"virt_text_win_col":-3,"virt_text_repeat_linebreak":true,"ns_id":3,"virt_text":[["▌","OpencodeMessageRoleUser"]],"virt_text_pos":"win_col","right_gravity":true,"priority":4096,"virt_text_hide":false}],[9,29,0,{"virt_text_win_col":-3,"virt_text_repeat_linebreak":true,"ns_id":3,"virt_text":[["▌","OpencodeMessageRoleUser"]],"virt_text_pos":"win_col","right_gravity":true,"priority":4096,"virt_text_hide":false}],[10,32,0,{"virt_text_win_col":-3,"virt_text_repeat_linebreak":false,"ns_id":3,"virt_text":[[" ","OpencodeMessageRoleAssistant"],[" "],["BUILD","OpencodeMessageRoleAssistant"],[" gpt-4.1","OpencodeHint"],[" (2025-10-19 17:50:57)","OpencodeHint"],[" [msg_9fd988ca7001lgaGttpI4YeGSA]","OpencodeHint"]],"virt_text_pos":"win_col","right_gravity":true,"priority":10,"virt_text_hide":false}],[11,38,0,{"virt_text_win_col":-1,"virt_text_repeat_linebreak":true,"ns_id":3,"virt_text":[["▌","OpencodeToolBorder"]],"virt_text_pos":"win_col","right_gravity":true,"priority":4096,"virt_text_hide":false}],[12,39,0,{"virt_text_win_col":-1,"virt_text_repeat_linebreak":true,"ns_id":3,"virt_text":[["▌","OpencodeToolBorder"]],"virt_text_pos":"win_col","right_gravity":true,"priority":4096,"virt_text_hide":false}],[13,40,0,{"virt_text_win_col":-1,"virt_text_repeat_linebreak":true,"ns_id":3,"virt_text":[["▌","OpencodeToolBorder"]],"virt_text_pos":"win_col","right_gravity":true,"priority":4096,"virt_text_hide":false}],[14,41,0,{"virt_text_win_col":-1,"virt_text_repeat_linebreak":true,"ns_id":3,"virt_text":[["▌","OpencodeToolBorder"]],"virt_text_pos":"win_col","right_gravity":true,"priority":4096,"virt_text_hide":false}],[15,42,0,{"virt_text_win_col":-1,"virt_text_repeat_linebreak":true,"ns_id":3,"virt_text":[["▌","OpencodeToolBorder"]],"virt_text_pos":"win_col","right_gravity":true,"priority":4096,"virt_text_hide":false}],[16,43,0,{"virt_text_win_col":-1,"virt_text_repeat_linebreak":true,"ns_id":3,"virt_text":[["▌","OpencodeToolBorder"]],"virt_text_pos":"win_col","right_gravity":true,"priority":4096,"virt_text_hide":false}],[17,44,0,{"virt_text_win_col":-1,"virt_text_repeat_linebreak":true,"ns_id":3,"virt_text":[["▌","OpencodeToolBorder"]],"virt_text_pos":"win_col","right_gravity":true,"priority":4096,"virt_text_hide":false}],[18,45,0,{"virt_text_win_col":-1,"virt_text_repeat_linebreak":true,"ns_id":3,"virt_text":[["▌","OpencodeToolBorder"]],"virt_text_pos":"win_col","right_gravity":true,"priority":4096,"virt_text_hide":false}],[19,46,0,{"virt_text_win_col":-1,"virt_text_repeat_linebreak":true,"ns_id":3,"virt_text":[["▌","OpencodeToolBorder"]],"virt_text_pos":"win_col","right_gravity":true,"priority":4096,"virt_text_hide":false}],[20,47,0,{"virt_text_win_col":-1,"virt_text_repeat_linebreak":true,"ns_id":3,"virt_text":[["▌","OpencodeToolBorder"]],"virt_text_pos":"win_col","right_gravity":true,"priority":4096,"virt_text_hide":false}],[21,48,0,{"virt_text_win_col":-1,"virt_text_repeat_linebreak":true,"ns_id":3,"virt_text":[["▌","OpencodeToolBorder"]],"virt_text_pos":"win_col","right_gravity":true,"priority":4096,"virt_text_hide":false}],[22,49,0,{"virt_text_win_col":-1,"virt_text_repeat_linebreak":true,"ns_id":3,"virt_text":[["▌","OpencodeToolBorder"]],"virt_text_pos":"win_col","right_gravity":true,"priority":4096,"virt_text_hide":false}],[23,50,0,{"virt_text_win_col":-1,"virt_text_repeat_linebreak":true,"ns_id":3,"virt_text":[["▌","OpencodeToolBorder"]],"virt_text_pos":"win_col","right_gravity":true,"priority":4096,"virt_text_hide":false}],[24,51,0,{"virt_text_win_col":-1,"virt_text_repeat_linebreak":true,"ns_id":3,"virt_text":[["▌","OpencodeToolBorder"]],"virt_text_pos":"win_col","right_gravity":true,"priority":4096,"virt_text_hide":false}],[25,52,0,{"virt_text_win_col":-1,"virt_text_repeat_linebreak":true,"ns_id":3,"virt_text":[["▌","OpencodeToolBorder"]],"virt_text_pos":"win_col","right_gravity":true,"priority":4096,"virt_text_hide":false}],[26,57,0,{"virt_text_win_col":-3,"virt_text_repeat_linebreak":false,"ns_id":3,"virt_text":[[" ","OpencodeMessageRoleAssistant"],[" "],["BUILD","OpencodeMessageRoleAssistant"],[" gpt-4.1","OpencodeHint"],[" (2025-10-19 17:50:59)","OpencodeHint"],[" [msg_9fd98942d001elqd2sd8CZeOoA]","OpencodeHint"]],"virt_text_pos":"win_col","right_gravity":true,"priority":10,"virt_text_hide":false}],[27,67,0,{"virt_text_win_col":11,"virt_text_repeat_linebreak":false,"ns_id":3,"virt_text":[["-20","OpencodeDiffDeleteText"]],"virt_text_pos":"win_col","right_gravity":true,"priority":1000,"virt_text_hide":false}]]}