{"lines":["","----","","","here's some context","","```txt","this is a string","```","","```txt","this is a selection test","```","","[diff-test.txt](diff-test.txt)","","----","","","I can see the file `/Users/cam/tmp/a/diff-test.txt` contains \"this is a string\" on line 1.","","The two selection contexts you provided show:","1. Current content: \"this is a string\"","2. Expected/desired content: \"this is a selection test\"","","Since I'm in read-only mode, I can only observe that there's a difference between what's currently in the file and what one of the selections indicates should be there.",""],"extmarks":[[1,2,0,{"ns_id":3,"right_gravity":true,"priority":10,"virt_text_hide":false,"virt_text_win_col":-3,"virt_text_repeat_linebreak":false,"virt_text":[["▌󰭻 ","OpencodeMessageRoleUser"],[" "],["USER","OpencodeMessageRoleUser"],["","OpencodeHint"],[" (2025-10-18 05:02:28)","OpencodeHint"],[" [msg_9f5b29fea001z6jYXF7CG9omHa]","OpencodeHint"]],"virt_text_pos":"win_col"}],[2,3,0,{"ns_id":3,"right_gravity":true,"priority":4096,"virt_text_hide":false,"virt_text_win_col":-3,"virt_text_repeat_linebreak":true,"virt_text":[["▌","OpencodeMessageRoleUser"]],"virt_text_pos":"win_col"}],[3,4,0,{"ns_id":3,"right_gravity":true,"priority":4096,"virt_text_hide":false,"virt_text_win_col":-3,"virt_text_repeat_linebreak":true,"virt_text":[["▌","OpencodeMessageRoleUser"]],"virt_text_pos":"win_col"}],[4,5,0,{"ns_id":3,"right_gravity":true,"priority":4096,"virt_text_hide":false,"virt_text_win_col":-3,"virt_text_repeat_linebreak":true,"virt_text":[["▌","OpencodeMessageRoleUser"]],"virt_text_pos":"win_col"}],[5,6,0,{"ns_id":3,"right_gravity":true,"priority":4096,"virt_text_hide":false,"virt_text_win_col":-3,"virt_text_repeat_linebreak":true,"virt_text":[["▌","OpencodeMessageRoleUser"]],"virt_text_pos":"win_col"}],[6,7,0,{"ns_id":3,"right_gravity":true,"priority":4096,"virt_text_hide":false,"virt_text_win_col":-3,"virt_text_repeat_linebreak":true,"virt_text":[["▌","OpencodeMessageRoleUser"]],"virt_text_pos":"win_col"}],[7,8,0,{"ns_id":3,"right_gravity":true,"priority":4096,"virt_text_hide":false,"virt_text_win_col":-3,"virt_text_repeat_linebreak":true,"virt_text":[["▌","OpencodeMessageRoleUser"]],"virt_text_pos":"win_col"}],[8,9,0,{"ns_id":3,"right_gravity":true,"priority":4096,"virt_text_hide":false,"virt_text_win_col":-3,"virt_text_repeat_linebreak":true,"virt_text":[["▌","OpencodeMessageRoleUser"]],"virt_text_pos":"win_col"}],[9,9,0,{"ns_id":3,"right_gravity":true,"priority":4096,"virt_text_hide":false,"virt_text_win_col":-3,"virt_text_repeat_linebreak":true,"virt_text":[["▌","OpencodeMessageRoleUser"]],"virt_text_pos":"win_col"}],[10,10,0,{"ns_id":3,"right_gravity":true,"priority":4096,"virt_text_hide":false,"virt_text_win_col":-3,"virt_text_repeat_linebreak":true,"virt_text":[["▌","OpencodeMessageRoleUser"]],"virt_text_pos":"win_col"}],[11,11,0,{"ns_id":3,"right_gravity":true,"priority":4096,"virt_text_hide":false,"virt_text_win_col":-3,"virt_text_repeat_linebreak":true,"virt_text":[["▌","OpencodeMessageRoleUser"]],"virt_text_pos":"win_col"}],[12,12,0,{"ns_id":3,"right_gravity":true,"priority":4096,"virt_text_hide":false,"virt_text_win_col":-3,"virt_text_repeat_linebreak":true,"virt_text":[["▌","OpencodeMessageRoleUser"]],"virt_text_pos":"win_col"}],[13,13,0,{"ns_id":3,"right_gravity":true,"priority":4096,"virt_text_hide":false,"virt_text_win_col":-3,"virt_text_repeat_linebreak":true,"virt_text":[["▌","OpencodeMessageRoleUser"]],"virt_text_pos":"win_col"}],[14,13,0,{"ns_id":3,"right_gravity":true,"priority":4096,"virt_text_hide":false,"virt_text_win_col":-3,"virt_text_repeat_linebreak":true,"virt_text":[["▌","OpencodeMessageRoleUser"]],"virt_text_pos":"win_col"}],[15,14,0,{"ns_id":3,"right_gravity":true,"priority":4096,"virt_text_hide":false,"virt_text_win_col":-3,"virt_text_repeat_linebreak":true,"virt_text":[["▌","OpencodeMessageRoleUser"]],"virt_text_pos":"win_col"}],[16,17,0,{"ns_id":3,"right_gravity":true,"priority":10,"virt_text_hide":false,"virt_text_win_col":-3,"virt_text_repeat_linebreak":false,"virt_text":[[" ","OpencodeMessageRoleAssistant"],[" "],["PLAN","OpencodeMessageRoleAssistant"],[" claude-sonnet-4.5","OpencodeHint"],[" (2025-10-18 05:02:28)","OpencodeHint"],[" [msg_9f5b2a039001xop8ITmXQq0Gjh]","OpencodeHint"]],"virt_text_pos":"win_col"}]],"timestamp":1761708194,"actions":[]}