{"timestamp":1761708194,"actions":[],"lines":["","----","","","only answer the following, nothing else:","","1","","[a-empty.txt](a-empty.txt)","","----","","","1",""],"extmarks":[[1,2,0,{"virt_text":[["▌󰭻 ","OpencodeMessageRoleUser"],[" "],["USER","OpencodeMessageRoleUser"],["","OpencodeHint"],[" (2025-10-10 19:18:25)","OpencodeHint"],[" [msg_9cf8f64de0016tbfTQqWMydbdr]","OpencodeHint"]],"right_gravity":true,"ns_id":3,"virt_text_hide":false,"virt_text_win_col":-3,"virt_text_repeat_linebreak":false,"virt_text_pos":"win_col","priority":10}],[2,3,0,{"virt_text":[["▌","OpencodeMessageRoleUser"]],"right_gravity":true,"ns_id":3,"virt_text_hide":false,"virt_text_win_col":-3,"virt_text_repeat_linebreak":true,"virt_text_pos":"win_col","priority":4096}],[3,4,0,{"virt_text":[["▌","OpencodeMessageRoleUser"]],"right_gravity":true,"ns_id":3,"virt_text_hide":false,"virt_text_win_col":-3,"virt_text_repeat_linebreak":true,"virt_text_pos":"win_col","priority":4096}],[4,5,0,{"virt_text":[["▌","OpencodeMessageRoleUser"]],"right_gravity":true,"ns_id":3,"virt_text_hide":false,"virt_text_win_col":-3,"virt_text_repeat_linebreak":true,"virt_text_pos":"win_col","priority":4096}],[5,6,0,{"virt_text":[["▌","OpencodeMessageRoleUser"]],"right_gravity":true,"ns_id":3,"virt_text_hide":false,"virt_text_win_col":-3,"virt_text_repeat_linebreak":true,"virt_text_pos":"win_col","priority":4096}],[6,7,0,{"virt_text":[["▌","OpencodeMessageRoleUser"]],"right_gravity":true,"ns_id":3,"virt_text_hide":false,"virt_text_win_col":-3,"virt_text_repeat_linebreak":true,"virt_text_pos":"win_col","priority":4096}],[7,8,0,{"virt_text":[["▌","OpencodeMessageRoleUser"]],"right_gravity":true,"ns_id":3,"virt_text_hide":false,"virt_text_win_col":-3,"virt_text_repeat_linebreak":true,"virt_text_pos":"win_col","priority":4096}],[8,11,0,{"virt_text":[[" ","OpencodeMessageRoleAssistant"],[" "],["BUILD","OpencodeMessageRoleAssistant"],[" claude-sonnet-4","OpencodeHint"],[" (2025-10-10 19:18:25)","OpencodeHint"],[" [msg_9cf8f6549001tpoRuqkwS4Rxtl]","OpencodeHint"]],"right_gravity":true,"ns_id":3,"virt_text_hide":false,"virt_text_win_col":-3,"virt_text_repeat_linebreak":false,"virt_text_pos":"win_col","priority":10}]]}