{"lines":["","----","","","**  tool** `invalid`","","> [!ERROR]",">","> Invalid input for tool edit: JSON parsing failed: Text: {\"filePath\": \"/Users/cam/Dev/neovim-dev/opencode.nvim/lua/opencode/ui/streaming_renderer.lua\", \"newString\": \"---Event handler for permission.replied events\\n---Re-renders part after permission is resolved\\n---@param event table Event object\\nfunctio.","> Error message: JSON Parse error: Unterminated string",""],"timestamp":1761708194,"extmarks":[[1,2,0,{"virt_text":[[" ","OpencodeMessageRoleAssistant"],[" "],["BUILD","OpencodeMessageRoleAssistant"],[" claude-sonnet-4.5","OpencodeHint"],[" (2025-10-13 20:10:06)","OpencodeHint"],[" [msg_9df31cc90001HGn2UbFUgqJnLr]","OpencodeHint"]],"virt_text_pos":"win_col","virt_text_win_col":-3,"ns_id":3,"right_gravity":true,"virt_text_repeat_linebreak":false,"virt_text_hide":false,"priority":10}],[2,4,0,{"virt_text":[["▌","OpencodeToolBorder"]],"virt_text_pos":"win_col","virt_text_win_col":-1,"ns_id":3,"right_gravity":true,"virt_text_repeat_linebreak":true,"virt_text_hide":false,"priority":4096}],[3,5,0,{"virt_text":[["▌","OpencodeToolBorder"]],"virt_text_pos":"win_col","virt_text_win_col":-1,"ns_id":3,"right_gravity":true,"virt_text_repeat_linebreak":true,"virt_text_hide":false,"priority":4096}],[4,6,0,{"virt_text":[["▌","OpencodeToolBorder"]],"virt_text_pos":"win_col","virt_text_win_col":-1,"ns_id":3,"right_gravity":true,"virt_text_repeat_linebreak":true,"virt_text_hide":false,"priority":4096}],[5,7,0,{"virt_text":[["▌","OpencodeToolBorder"]],"virt_text_pos":"win_col","virt_text_win_col":-1,"ns_id":3,"right_gravity":true,"virt_text_repeat_linebreak":true,"virt_text_hide":false,"priority":4096}],[6,8,0,{"virt_text":[["▌","OpencodeToolBorder"]],"virt_text_pos":"win_col","virt_text_win_col":-1,"ns_id":3,"right_gravity":true,"virt_text_repeat_linebreak":true,"virt_text_hide":false,"priority":4096}],[7,9,0,{"virt_text":[["▌","OpencodeToolBorder"]],"virt_text_pos":"win_col","virt_text_win_col":-1,"ns_id":3,"right_gravity":true,"virt_text_repeat_linebreak":true,"virt_text_hide":false,"priority":4096}]],"actions":[]}